// Jest Snapshot v1, https://goo.gl/fbAQLP

exports[`<Collapsible /> should render the passed elements 1`] = `
<div>
  <button
    aria-controls="collapsible-1"
    aria-expanded="true"
    type="button"
  >
    Test
  </button>
  <div
    aria-hidden="false"
    id="collapsible-1"
    style="display:block"
  >
    Test text...
  </div>
</div>
`;
